﻿
> build
> vite build

[36mvite v6.4.1 [32mbuilding for production...[36m[39m
transforming...
[32mÔ£ô[39m 27 modules transformed.
node.exe : [31mÔ£ù[39m Build failed in 381ms
No C:\Program Files\nodejs\npm.ps1:29 caractere:3
+   & $NODE_EXE $NPM_CLI_JS $args
+   ~~~~~~~~~~~~~~~~~~~~~~~~~~~~~
    + CategoryInfo          : NotSpecified: ([31mÔ£ù[39 
   m Build failed in 381ms:String) [], RemoteException
    + FullyQualifiedErrorId : NativeCommandError
 
[31merror during build:
[31m[commonjs--resolver] Failed to resolve entry for 
package "recharts". The package may have incorrect 
main/module/exports specified in its package.json.[31m
    at packageEntryFailure (file:///D:/Arquivos%20Elite/Cl
oud-Drive_alceujr.ab@gmail.com/Alceu%20Sistemas/laracrm/la
racrm/node_modules/vite/dist/node/chunks/dep-D4NMHUTW.js:1
6198:15)
    at resolvePackageEntry (file:///D:/Arquivos%20Elite/Cl
oud-Drive_alceujr.ab@gmail.com/Alceu%20Sistemas/laracrm/la
racrm/node_modules/vite/dist/node/chunks/dep-D4NMHUTW.js:1
6195:3)
    at tryNodeResolve (file:///D:/Arquivos%20Elite/Cloud-D
rive_alceujr.ab@gmail.com/Alceu%20Sistemas/laracrm/laracrm
/node_modules/vite/dist/node/chunks/dep-D4NMHUTW.js:16060:
18)
    at Object.resolveId (file:///D:/Arquivos%20Elite/Cloud
-Drive_alceujr.ab@gmail.com/Alceu%20Sistemas/laracrm/larac
rm/node_modules/vite/dist/node/chunks/dep-D4NMHUTW.js:1583
1:19)
    at Object.handler (file:///D:/Arquivos%20Elite/Cloud-D
rive_alceujr.ab@gmail.com/Alceu%20Sistemas/laracrm/laracrm
/node_modules/vite/dist/node/chunks/dep-D4NMHUTW.js:46488:
15)
    at file:///D:/Arquivos%20Elite/Cloud-Drive_alceujr.ab@
gmail.com/Alceu%20Sistemas/laracrm/laracrm/node_modules/ro
llup/dist/es/shared/node-entry.js:22571:40
    at async PluginDriver.hookFirstAndGetPlugin (file:///D
:/Arquivos%20Elite/Cloud-Drive_alceujr.ab@gmail.com/Alceu%
20Sistemas/laracrm/laracrm/node_modules/rollup/dist/es/sha
red/node-entry.js:22453:28)
    at async resolveId (file:///D:/Arquivos%20Elite/Cloud-
Drive_alceujr.ab@gmail.com/Alceu%20Sistemas/laracrm/laracr
m/node_modules/rollup/dist/es/shared/node-entry.js:20912:2
6)
    at async ModuleLoader.resolveId (file:///D:/Arquivos%2
0Elite/Cloud-Drive_alceujr.ab@gmail.com/Alceu%20Sistemas/l
aracrm/laracrm/node_modules/rollup/dist/es/shared/node-ent
ry.js:21358:15)
    at async Object.resolveId (file:///D:/Arquivos%20Elite
/Cloud-Drive_alceujr.ab@gmail.com/Alceu%20Sistemas/laracrm
/laracrm/node_modules/vite/dist/node/chunks/dep-D4NMHUTW.j
s:2835:10)[39m
